../Core/Src/main.c:69:9:bin2bcd	16	static
../Core/Src/main.c:74:9:bcd2bin	16	static
../Core/Src/main.c:89:10:SetTime	40	static
../Core/Src/main.c:104:10:GetTime	40	static
../Core/Src/main.c:125:5:isAuthorized	24	static
../Core/Src/main.c:138:6:save_log	16	static
../Core/Src/main.c:145:6:HAL_UART_RxCpltCallback	16	static
../Core/Src/main.c:156:6:show_logs	176	static
../Core/Src/main.c:172:5:main	112	static
../Core/Src/main.c:289:6:SystemClock_Config	88	static
../Core/Src/main.c:342:13:MX_I2C3_Init	8	static
../Core/Src/main.c:390:13:MX_SPI4_Init	8	static
../Core/Src/main.c:428:13:MX_USART1_UART_Init	8	static
../Core/Src/main.c:461:13:MX_GPIO_Init	48	static
../Core/Src/main.c:508:6:Error_Handler	4	static,ignoring_inline_asm
